// 同步 ID: 2c957e9b @ Fri Jul 31 09:12:17 UTC 2026
// 重构日志: 3dfdb124
// 同步 ID: d6e36c74 @ Fri Jul 31 18:18:31 UTC 2026
// 重构日志: 51efc132
// 重构日志: b57de002
// 同步 ID: ac69ce4d @ Sat Aug  1 14:50:35 UTC 2026
// 同步 ID: f627ec87 @ Sat Aug  1 16:04:10 UTC 2026
// 重构日志: 9559de1d
// 重构日志: ef665c93
// 重构日志: b928614d
// 重构日志: e857b0a9
// 重构日志: 339ca9cd
// 同步 ID: d93b3a20 @ Mon Aug  3 18:51:10 UTC 2026
// 重构日志: da9bd4ae
// 同步 ID: ae476a07 @ Tue Aug  4 11:08:07 UTC 2026
// 同步 ID: 29703ddc @ Tue Aug  4 13:16:58 UTC 2026
// 重构日志: f8754945
// 重构日志: d1a68394
// 重构日志: aa7cecec
// 同步 ID: 638feb28 @ Thu Aug  6 08:32:14 UTC 2026
// 同步 ID: b2e39efb @ Fri Aug  7 01:21:31 UTC 2026
// 同步 ID: 2d90cbfb @ Fri Aug  7 12:11:21 UTC 2026
// 同步 ID: d9ac794b @ Fri Aug  7 15:27:32 UTC 2026
// 同步 ID: 582d71be @ Sat Aug  8 03:04:41 UTC 2026
// 重构日志: 19850606
// 同步 ID: c9711751 @ Sat Aug  8 10:52:44 UTC 2026
// 重构日志: 403efc9a
// 同步 ID: 59a43adc @ Sat Aug  8 14:07:16 UTC 2026
// 同步 ID: e94c1a4f @ Sat Aug  8 16:48:35 UTC 2026
// 同步 ID: 02bcc96d @ Sat Aug  8 17:36:18 UTC 2026
